[0/1] Planning build
Building for debugging...
[0/7] Write sources
[3/7] Write swift-version-7974D3F7F03D5E95.txt
[5/10] Compiling MurmurDictionary DictionaryEntry.swift
[6/10] Emitting module MurmurDictionary
/Users/runner/work/murmur-youtube/murmur-youtube/Sources/MurmurDictionary/DictionaryCorrector.swift:139:5: warning: 'public' modifier is redundant for static property declared in a public extension
137 |     /// or ambiguous audio they start inventing text from the vocabulary they were primed
138 |     /// with, which is a far worse failure than the misspelling it was meant to fix.
139 |     public static let biasLimit = 40
    |     `- warning: 'public' modifier is redundant for static property declared in a public extension
140 | 
141 |     /// - Returns: the correct spellings — `.term` words and the *write* side of corrections —

/Users/runner/work/murmur-youtube/murmur-youtube/Sources/MurmurDictionary/DictionaryCorrector.swift:143:5: warning: 'public' modifier is redundant for static method declared in a public extension
141 |     /// - Returns: the correct spellings — `.term` words and the *write* side of corrections —
142 |     ///   most recently useful first, capped at `biasLimit`.
143 |     public static func biasPhrases(from entries: [DictionaryEntry]) -> [String] {
    |     `- warning: 'public' modifier is redundant for static method declared in a public extension
144 |         var seen = Set<String>()
145 |         var phrases: [String] = []
[7/10] Compiling MurmurDictionary DictionaryCorrector.swift
/Users/runner/work/murmur-youtube/murmur-youtube/Sources/MurmurDictionary/DictionaryCorrector.swift:139:5: warning: 'public' modifier is redundant for static property declared in a public extension
137 |     /// or ambiguous audio they start inventing text from the vocabulary they were primed
138 |     /// with, which is a far worse failure than the misspelling it was meant to fix.
139 |     public static let biasLimit = 40
    |     `- warning: 'public' modifier is redundant for static property declared in a public extension
140 | 
141 |     /// - Returns: the correct spellings — `.term` words and the *write* side of corrections —

/Users/runner/work/murmur-youtube/murmur-youtube/Sources/MurmurDictionary/DictionaryCorrector.swift:143:5: warning: 'public' modifier is redundant for static method declared in a public extension
141 |     /// - Returns: the correct spellings — `.term` words and the *write* side of corrections —
142 |     ///   most recently useful first, capped at `biasLimit`.
143 |     public static func biasPhrases(from entries: [DictionaryEntry]) -> [String] {
    |     `- warning: 'public' modifier is redundant for static method declared in a public extension
144 |         var seen = Set<String>()
145 |         var phrases: [String] = []
[8/17] Compiling MurmurKit DictationStats.swift
[9/17] Compiling MurmurKit AppCategoryResolver.swift
[10/17] Compiling MurmurKit Cleanup.swift
[11/20] Emitting module MurmurKit
[12/20] Compiling MurmurKit HistoryStore.swift
[13/20] Compiling MurmurKit Models.swift
[14/20] Compiling MurmurKit Polish.swift
[15/20] Compiling MurmurKit Regex.swift
[16/20] Compiling MurmurKit SnippetStore.swift
[17/20] Compiling MurmurKit TextPipeline.swift
[18/71] Compiling BirdtownFlow ParakeetEngine.swift
[19/71] Compiling BirdtownFlow TranscriptionEngine.swift
[20/71] Compiling BirdtownFlow VocabularyBooster.swift
[21/71] Compiling BirdtownFlow Brand.swift
[22/71] Compiling BirdtownFlow IconExporter.swift
[23/71] Compiling BirdtownFlow LogoPainter.swift
[24/71] Compiling BirdtownFlow SpectrumOrb.swift
[25/71] Compiling BirdtownFlow AppIcon.swift
[26/71] Compiling BirdtownFlow Badge.swift
[27/71] Compiling BirdtownFlow Banner.swift
[28/71] Compiling BirdtownFlow ButtonStyles.swift
[29/71] Compiling BirdtownFlow Card.swift
[30/71] Compiling BirdtownFlow EmptyState.swift
[31/71] Compiling BirdtownFlow FilterChip.swift
[32/71] Compiling BirdtownFlow IconButton.swift
[33/71] Compiling BirdtownFlow KeyCap.swift
[34/71] Compiling BirdtownFlow LabeledInput.swift
[35/71] Compiling BirdtownFlow SearchField.swift
[36/71] Compiling BirdtownFlow SectionHeader.swift
[37/71] Compiling BirdtownFlow SpectrumProgressBar.swift
[38/71] Compiling BirdtownFlow StatTile.swift
[39/71] Compiling BirdtownFlow AppearanceSupport.swift
[40/71] Compiling BirdtownFlow Tokens.swift
[41/71] Compiling BirdtownFlow HUDController.swift
[42/71] Compiling BirdtownFlow HUDFilm.swift
[43/96] Emitting module BirdtownFlow
[44/96] Compiling BirdtownFlow AppModel.swift
[45/96] Compiling BirdtownFlow MurmurApp.swift
[46/96] Compiling BirdtownFlow AudioDevices.swift
[47/96] Compiling BirdtownFlow AudioRecorder.swift
[48/96] Compiling BirdtownFlow DictationController.swift
[49/96] Compiling BirdtownFlow FrontmostContext.swift
[50/96] Compiling BirdtownFlow GlobalShortcut.swift
[51/96] Compiling BirdtownFlow HotkeyMonitor.swift
[52/96] Compiling BirdtownFlow TextInjector.swift
[53/96] Compiling BirdtownFlow Watchdog.swift
[54/96] Compiling BirdtownFlow AppleIntelligencePolisher.swift
[55/96] Compiling BirdtownFlow Keychain.swift
[56/96] Compiling BirdtownFlow PolishService.swift
[57/96] Compiling BirdtownFlow DictionaryStore.swift
[58/96] Compiling BirdtownFlow AppPaths.swift
[59/96] Compiling BirdtownFlow LaunchAtLogin.swift
[60/96] Compiling BirdtownFlow Log.swift
[61/96] Compiling BirdtownFlow Permissions.swift
[62/96] Compiling BirdtownFlow PermissionsMonitor.swift
[63/96] Compiling BirdtownFlow Settings.swift
[64/96] Compiling BirdtownFlow Sounds.swift
[65/96] Compiling BirdtownFlow SpeechSmokeTest.swift
[66/96] Compiling BirdtownFlow AppleSpeechEngine.swift
[67/96] Compiling BirdtownFlow HardDeadline.swift
[68/96] Compiling BirdtownFlow ModelManager.swift
[69/96] Compiling BirdtownFlow HUDState.swift
[70/96] Compiling BirdtownFlow HUDView.swift
[71/96] Compiling BirdtownFlow HUDWaveform.swift
[72/96] Compiling BirdtownFlow AudioPlayback.swift
[73/96] Compiling BirdtownFlow DictionaryView.swift
[74/96] Compiling BirdtownFlow HistoryRow.swift
[75/96] Compiling BirdtownFlow HistoryView.swift
[76/96] Compiling BirdtownFlow HomeView.swift
[77/96] Compiling BirdtownFlow MainEnvironment.swift
[78/96] Compiling BirdtownFlow MainView.swift
[79/96] Compiling BirdtownFlow RetryTracker.swift
[80/96] Compiling BirdtownFlow SnippetsView.swift
[81/96] Compiling BirdtownFlow StyleView.swift
[82/96] Compiling BirdtownFlow MenuBarContent.swift
[83/96] Compiling BirdtownFlow OnboardingView.swift
[84/96] Compiling BirdtownFlow OnboardingWindowController.swift
[85/96] Compiling BirdtownFlow SetupKit.swift
[86/96] Compiling BirdtownFlow SettingsPanes.swift
[87/96] Compiling BirdtownFlow SettingsView.swift
[88/96] Compiling BirdtownFlow SampleData.swift
[89/96] Compiling BirdtownFlow SnapshotCatalog+HUD.swift
[90/96] Compiling BirdtownFlow SnapshotCatalog+Main.swift
[91/96] Compiling BirdtownFlow SnapshotCatalog+Setup.swift
[92/96] Compiling BirdtownFlow SnapshotCatalog+Type.swift
[93/96] Compiling BirdtownFlow SnapshotRenderer.swift
[93/96] Write Objects.LinkFileList
[94/96] Linking BirdtownFlow
[95/96] Applying BirdtownFlow
Build complete! (46.45s)
