[20:42:09.889] [INFO] [FluidAudio.AsrModels] Loading ASR models from: /Users/runner/Library/Application Support/FluidAudio/Models/parakeet-ultra
[20:42:09.895] [INFO] [FluidAudio.AsrModels] Loading ASR models from: /Users/runner/Library/Application Support/FluidAudio/Models/parakeet-tdt-0.6b-v3
[20:42:09.896] [INFO] [FluidAudio.DownloadUtils] Host environment: macOS Version 26.6.2 (Build 25G83), arch=arm64, chip=Apple M1 (Virtual), cores=3/3, mem=7 GB, rosetta=false
[20:42:09.897] [INFO] [FluidAudio.DownloadUtils] Found parakeet-tdt-0.6b-v3 locally, no download needed
[20:42:09.897] [INFO] [FluidAudio.DownloadUtils] Found parakeet-ultra locally, no download needed
[20:42:09.927] [INFO] [FluidAudio.DownloadUtils] Compiled model Preprocessor.mlmodelc in 30.48 ms :: macOS Version 26.6.2 (Build 25G83), arch=arm64, chip=Apple M1 (Virtual), cores=3/3, mem=7 GB, rosetta=false
[20:42:09.927] [INFO] [FluidAudio.AsrModels] Loaded Preprocessor.mlmodelc with compute units: cpuOnly
[20:42:09.928] [INFO] [FluidAudio.DownloadUtils] Found parakeet-ultra locally, no download needed
[20:42:10.000] [INFO] [FluidAudio.DownloadUtils] Compiled model Preprocessor.mlmodelc in 102.86 ms :: macOS Version 26.6.2 (Build 25G83), arch=arm64, chip=Apple M1 (Virtual), cores=3/3, mem=7 GB, rosetta=false
[20:42:10.000] [INFO] [FluidAudio.AsrModels] Loaded Preprocessor.mlmodelc with compute units: cpuOnly
[20:42:10.000] [INFO] [FluidAudio.DownloadUtils] Found parakeet-tdt-0.6b-v3 locally, no download needed
[20:42:10.083] [INFO] [FluidAudio.DownloadUtils] Compiled model Encoder.mlmodelc in 155.10 ms :: macOS Version 26.6.2 (Build 25G83), arch=arm64, chip=Apple M1 (Virtual), cores=3/3, mem=7 GB, rosetta=false
[20:42:10.083] [INFO] [FluidAudio.AsrModels] Loaded Encoder.mlmodelc with compute units: cpuAndNeuralEngine
[20:42:10.083] [INFO] [FluidAudio.DownloadUtils] Found parakeet-ultra locally, no download needed
[20:42:18.085] [INFO] [FluidAudio.DownloadUtils] Compiled model Encoder.mlmodelc in 8085.19 ms :: macOS Version 26.6.2 (Build 25G83), arch=arm64, chip=Apple M1 (Virtual), cores=3/3, mem=7 GB, rosetta=false
[20:42:18.086] [INFO] [FluidAudio.AsrModels] Loaded Encoder.mlmodelc with compute units: cpuAndNeuralEngine
[20:42:18.086] [INFO] [FluidAudio.DownloadUtils] Compiled model Decoder.mlmodelc in 7999.04 ms :: macOS Version 26.6.2 (Build 25G83), arch=arm64, chip=Apple M1 (Virtual), cores=3/3, mem=7 GB, rosetta=false
[20:42:18.086] [INFO] [FluidAudio.DownloadUtils] Found parakeet-tdt-0.6b-v3 locally, no download needed
[20:42:18.086] [INFO] [FluidAudio.DownloadUtils] Found parakeet-ultra locally, no download needed
[20:42:18.102] [INFO] [FluidAudio.DownloadUtils] Compiled model JointDecisionv3.mlmodelc in 15.44 ms :: macOS Version 26.6.2 (Build 25G83), arch=arm64, chip=Apple M1 (Virtual), cores=3/3, mem=7 GB, rosetta=false
[20:42:18.102] [INFO] [FluidAudio.AsrModels] Loaded JointDecisionv3.mlmodelc
[20:42:18.114] [INFO] [FluidAudio.AsrModels] Loaded vocabulary with 8192 tokens from /Users/runner/Library/Application Support/FluidAudio/Models/parakeet-ultra/parakeet_vocab.json
[20:42:18.114] [INFO] [FluidAudio.AsrModels] Successfully loaded all ASR models with optimized compute units
[20:42:18.515] [INFO] [FluidAudio.DownloadUtils] Compiled model Decoder.mlmodelc in 428.66 ms :: macOS Version 26.6.2 (Build 25G83), arch=arm64, chip=Apple M1 (Virtual), cores=3/3, mem=7 GB, rosetta=false
[20:42:18.516] [INFO] [FluidAudio.DownloadUtils] Found parakeet-tdt-0.6b-v3 locally, no download needed
[20:42:18.714] [INFO] [FluidAudio.DownloadUtils] Compiled model JointDecisionv3.mlmodelc in 198.43 ms :: macOS Version 26.6.2 (Build 25G83), arch=arm64, chip=Apple M1 (Virtual), cores=3/3, mem=7 GB, rosetta=false
[20:42:18.714] [INFO] [FluidAudio.AsrModels] Loaded JointDecisionv3.mlmodelc
[20:42:18.729] [INFO] [FluidAudio.AsrModels] Loaded vocabulary with 8192 tokens from /Users/runner/Library/Application Support/FluidAudio/Models/parakeet-tdt-0.6b-v3/parakeet_vocab.json
[20:42:18.729] [INFO] [FluidAudio.AsrModels] Successfully loaded all ASR models with optimized compute units
[20:42:19.530] [INFO] [FluidAudio.CtcModels] Preparing CTC models (Parakeet CTC 110M (hybrid)) at: /Users/runner/Library/Application Support/FluidAudio/Models/parakeet-ctc-110m-coreml
[20:42:19.530] [INFO] [FluidAudio.CtcModels] CTC models already present at: /Users/runner/Library/Application Support/FluidAudio/Models/parakeet-ctc-110m-coreml
[20:42:19.530] [INFO] [FluidAudio.CtcModels] Loading CTC models (Parakeet CTC 110M (hybrid)) from: /Users/runner/Library/Application Support/FluidAudio/Models/parakeet-ctc-110m-coreml
[20:42:19.530] [INFO] [FluidAudio.DownloadUtils] Found parakeet-ctc-110m-coreml locally, no download needed
[20:42:19.553] [INFO] [FluidAudio.DownloadUtils] Compiled model MelSpectrogram.mlmodelc in 22.58 ms :: macOS Version 26.6.2 (Build 25G83), arch=arm64, chip=Apple M1 (Virtual), cores=3/3, mem=7 GB, rosetta=false
[20:42:19.731] [INFO] [FluidAudio.CtcModels] Preparing CTC models (Parakeet CTC 110M (hybrid)) at: /Users/runner/Library/Application Support/FluidAudio/Models/parakeet-ctc-110m-coreml
[20:42:19.731] [INFO] [FluidAudio.CtcModels] CTC models already present at: /Users/runner/Library/Application Support/FluidAudio/Models/parakeet-ctc-110m-coreml
[20:42:19.737] [INFO] [FluidAudio.CtcModels] Loading CTC models (Parakeet CTC 110M (hybrid)) from: /Users/runner/Library/Application Support/FluidAudio/Models/parakeet-ctc-110m-coreml
[20:42:19.738] [INFO] [FluidAudio.DownloadUtils] Found parakeet-ctc-110m-coreml locally, no download needed
[20:42:19.755] [INFO] [FluidAudio.DownloadUtils] Compiled model MelSpectrogram.mlmodelc in 19.74 ms :: macOS Version 26.6.2 (Build 25G83), arch=arm64, chip=Apple M1 (Virtual), cores=3/3, mem=7 GB, rosetta=false
[20:42:25.727] [INFO] [FluidAudio.DownloadUtils] Compiled model AudioEncoder.mlmodelc in 6172.66 ms :: macOS Version 26.6.2 (Build 25G83), arch=arm64, chip=Apple M1 (Virtual), cores=3/3, mem=7 GB, rosetta=false
[20:42:25.729] [INFO] [FluidAudio.CtcModels] Loaded CTC vocabulary with 1024 tokens from /Users/runner/Library/Application Support/FluidAudio/Models/parakeet-ctc-110m-coreml/vocab.json
[20:42:25.729] [INFO] [FluidAudio.CtcModels] Successfully loaded CTC models (Parakeet CTC 110M (hybrid)) and vocabulary
[20:42:25.744] [DEBUG] [FluidAudio.CtcKeywordSpotter]   Audio input: count=16000/240000, abs_max=0.0001, mean=-0.000001
[20:42:25.745] [DEBUG] [FluidAudio.CtcKeywordSpotter]   mid_5=[-0.0000, -0.0000, 0.0000, -0.0000, -0.0001]
[20:42:25.756] [DEBUG] [FluidAudio.CtcKeywordSpotter] Mel features shape: [1, 1, 1501, 80], mel_length: 1501
[20:42:25.784] [INFO] [FluidAudio.DownloadUtils] Compiled model AudioEncoder.mlmodelc in 6032.78 ms :: macOS Version 26.6.2 (Build 25G83), arch=arm64, chip=Apple M1 (Virtual), cores=3/3, mem=7 GB, rosetta=false
[20:42:25.788] [INFO] [FluidAudio.CtcModels] Loaded CTC vocabulary with 1024 tokens from /Users/runner/Library/Application Support/FluidAudio/Models/parakeet-ctc-110m-coreml/vocab.json
[20:42:25.788] [INFO] [FluidAudio.CtcModels] Successfully loaded CTC models (Parakeet CTC 110M (hybrid)) and vocabulary
[20:42:25.802] [DEBUG] [FluidAudio.CtcKeywordSpotter]   Audio input: count=16000/240000, abs_max=0.0001, mean=-0.000001
[20:42:25.802] [DEBUG] [FluidAudio.CtcKeywordSpotter]   mid_5=[-0.0000, -0.0000, 0.0000, -0.0000, -0.0001]
[20:42:25.805] [DEBUG] [FluidAudio.CtcKeywordSpotter] Mel features shape: [1, 1, 1501, 80], mel_length: 1501
[20:42:25.939] [DEBUG] [FluidAudio.CtcKeywordSpotter] CTC outputs available: ctc_head_raw_output=true, ctc_head_output=true
[20:42:25.939] [DEBUG] [FluidAudio.CtcKeywordSpotter] CTC outputs available: ctc_head_raw_output=true, ctc_head_output=true
[20:42:25.939] [DEBUG] [FluidAudio.CtcKeywordSpotter] CTC raw output shape: [1, 1025, 1, 188]
[20:42:25.939] [DEBUG] [FluidAudio.CtcKeywordSpotter] CTC raw output shape: [1, 1025, 1, 188]
[20:42:25.939] [DEBUG] [FluidAudio.CtcKeywordSpotter] Using output: ctc_head_raw_output (raw logits)
[20:42:25.939] [DEBUG] [FluidAudio.CtcKeywordSpotter] Using output: ctc_head_raw_output (raw logits)
[20:42:26.290] [DEBUG] [FluidAudio.CtcKeywordSpotter] [DEBUG] Trimming CTC frames:
[20:42:26.290] [DEBUG] [FluidAudio.CtcKeywordSpotter] [DEBUG]   totalFrames=188, sampleCount=16000, maxModelSamples=240000
[20:42:26.290] [DEBUG] [FluidAudio.CtcKeywordSpotter] [DEBUG]   samplesPerFrame=1276.60, validFrames=13, clampedFrames=13
[20:42:26.290] [DEBUG] [FluidAudio.CtcKeywordSpotter] Log-probs: 13 frames (total: 188), vocab size: 1025
[20:42:26.291] [DEBUG] [FluidAudio.CtcKeywordSpotter] [DEBUG] Trimming CTC frames:
[20:42:26.291] [DEBUG] [FluidAudio.CtcKeywordSpotter] [DEBUG]   totalFrames=188, sampleCount=16000, maxModelSamples=240000
[20:42:26.291] [DEBUG] [FluidAudio.CtcKeywordSpotter] [DEBUG]   samplesPerFrame=1276.60, validFrames=13, clampedFrames=13
[20:42:26.291] [DEBUG] [FluidAudio.CtcKeywordSpotter] Log-probs: 13 frames (total: 188), vocab size: 1025
[20:42:26.342] [DEBUG] [FluidAudio.ChunkProcessor] ChunkProcessor using worker pool of size 4
[20:42:28.700] [DEBUG] [FluidAudio.CtcKeywordSpotter] === Chunked CTC Processing ===
[20:42:28.700] [DEBUG] [FluidAudio.CtcKeywordSpotter] Total samples: 1425947 (89.12s)
[20:42:28.700] [DEBUG] [FluidAudio.CtcKeywordSpotter] Chunk size: 240000, overlap: 32000, stride: 208000
[20:42:28.700] [DEBUG] [FluidAudio.CtcKeywordSpotter] Number of chunks: 7
[20:42:28.700] [DEBUG] [FluidAudio.CtcKeywordSpotter]   Chunk 1/7: samples [0-240000] = [0.00-15.00s]
[20:42:28.979] [DEBUG] [FluidAudio.CtcKeywordSpotter]   Audio input: count=240000/240000, abs_max=0.7934, mean=-0.000183
[20:42:28.979] [DEBUG] [FluidAudio.CtcKeywordSpotter]   mid_5=[-0.0393, -0.0404, -0.0447, -0.0486, -0.0487]
[20:42:28.982] [DEBUG] [FluidAudio.CtcKeywordSpotter] Mel features shape: [1, 1, 1501, 80], mel_length: 1501
[20:42:29.106] [DEBUG] [FluidAudio.CtcKeywordSpotter] CTC outputs available: ctc_head_raw_output=true, ctc_head_output=true
[20:42:29.106] [DEBUG] [FluidAudio.CtcKeywordSpotter] CTC raw output shape: [1, 1025, 1, 188]
[20:42:29.106] [DEBUG] [FluidAudio.CtcKeywordSpotter] Using output: ctc_head_raw_output (raw logits)
[20:42:29.526] [DEBUG] [FluidAudio.CtcKeywordSpotter] Log-probs: 188 frames (total: 188), vocab size: 1025
[20:42:29.526] [DEBUG] [FluidAudio.CtcKeywordSpotter]     -> 188 frames, frameDuration=0.0798s
[20:42:29.526] [DEBUG] [FluidAudio.CtcKeywordSpotter]   Chunk 2/7: samples [208000-448000] = [13.00-28.00s]
[20:42:29.678] [DEBUG] [FluidAudio.CtcKeywordSpotter]   Audio input: count=240000/240000, abs_max=0.7947, mean=-0.000189
[20:42:29.678] [DEBUG] [FluidAudio.CtcKeywordSpotter]   mid_5=[-0.1968, -0.1963, -0.1867, -0.1709, -0.1424]
[20:42:29.680] [DEBUG] [FluidAudio.CtcKeywordSpotter] Mel features shape: [1, 1, 1501, 80], mel_length: 1501
[20:42:29.764] [DEBUG] [FluidAudio.CtcKeywordSpotter] CTC outputs available: ctc_head_raw_output=true, ctc_head_output=true
[20:42:29.764] [DEBUG] [FluidAudio.CtcKeywordSpotter] CTC raw output shape: [1, 1025, 1, 188]
[20:42:29.764] [DEBUG] [FluidAudio.CtcKeywordSpotter] Using output: ctc_head_raw_output (raw logits)
[20:42:30.123] [DEBUG] [FluidAudio.CtcKeywordSpotter] Log-probs: 188 frames (total: 188), vocab size: 1025
[20:42:30.124] [DEBUG] [FluidAudio.CtcKeywordSpotter]     -> 188 frames, frameDuration=0.0798s
[20:42:30.124] [DEBUG] [FluidAudio.CtcKeywordSpotter]   Chunk 3/7: samples [416000-656000] = [26.00-41.00s]
[20:42:30.264] [DEBUG] [FluidAudio.CtcKeywordSpotter]   Audio input: count=240000/240000, abs_max=0.7880, mean=-0.000214
[20:42:30.264] [DEBUG] [FluidAudio.CtcKeywordSpotter]   mid_5=[0.0001, 0.0001, 0.0001, -0.0000, -0.0000]
[20:42:30.266] [DEBUG] [FluidAudio.CtcKeywordSpotter] Mel features shape: [1, 1, 1501, 80], mel_length: 1501
[20:42:30.356] [DEBUG] [FluidAudio.CtcKeywordSpotter] CTC outputs available: ctc_head_raw_output=true, ctc_head_output=true
[20:42:30.356] [DEBUG] [FluidAudio.CtcKeywordSpotter] CTC raw output shape: [1, 1025, 1, 188]
[20:42:30.356] [DEBUG] [FluidAudio.CtcKeywordSpotter] Using output: ctc_head_raw_output (raw logits)
[20:42:30.697] [DEBUG] [FluidAudio.CtcKeywordSpotter] Log-probs: 188 frames (total: 188), vocab size: 1025
[20:42:30.697] [DEBUG] [FluidAudio.CtcKeywordSpotter]     -> 188 frames, frameDuration=0.0798s
[20:42:30.697] [DEBUG] [FluidAudio.CtcKeywordSpotter]   Chunk 4/7: samples [624000-864000] = [39.00-54.00s]
[20:42:30.844] [DEBUG] [FluidAudio.CtcKeywordSpotter]   Audio input: count=240000/240000, abs_max=0.7709, mean=-0.000265
[20:42:30.844] [DEBUG] [FluidAudio.CtcKeywordSpotter]   mid_5=[-0.1315, -0.1317, -0.1812, -0.2086, -0.1971]
[20:42:30.846] [DEBUG] [FluidAudio.CtcKeywordSpotter] Mel features shape: [1, 1, 1501, 80], mel_length: 1501
[20:42:30.928] [DEBUG] [FluidAudio.CtcKeywordSpotter] CTC outputs available: ctc_head_raw_output=true, ctc_head_output=true
[20:42:30.928] [DEBUG] [FluidAudio.CtcKeywordSpotter] CTC raw output shape: [1, 1025, 1, 188]
[20:42:30.928] [DEBUG] [FluidAudio.CtcKeywordSpotter] Using output: ctc_head_raw_output (raw logits)
[20:42:31.278] [DEBUG] [FluidAudio.CtcKeywordSpotter] Log-probs: 188 frames (total: 188), vocab size: 1025
[20:42:31.279] [DEBUG] [FluidAudio.CtcKeywordSpotter]     -> 188 frames, frameDuration=0.0798s
[20:42:31.279] [DEBUG] [FluidAudio.CtcKeywordSpotter]   Chunk 5/7: samples [832000-1072000] = [52.00-67.00s]
[20:42:31.416] [DEBUG] [FluidAudio.CtcKeywordSpotter]   Audio input: count=240000/240000, abs_max=0.7751, mean=-0.000214
[20:42:31.416] [DEBUG] [FluidAudio.CtcKeywordSpotter]   mid_5=[-0.0000, 0.0000, 0.0000, -0.0000, -0.0000]
[20:42:31.417] [DEBUG] [FluidAudio.CtcKeywordSpotter] Mel features shape: [1, 1, 1501, 80], mel_length: 1501
[20:42:31.496] [DEBUG] [FluidAudio.CtcKeywordSpotter] CTC outputs available: ctc_head_raw_output=true, ctc_head_output=true
[20:42:31.496] [DEBUG] [FluidAudio.CtcKeywordSpotter] CTC raw output shape: [1, 1025, 1, 188]
[20:42:31.496] [DEBUG] [FluidAudio.CtcKeywordSpotter] Using output: ctc_head_raw_output (raw logits)
[20:42:31.909] [DEBUG] [FluidAudio.CtcKeywordSpotter] Log-probs: 188 frames (total: 188), vocab size: 1025
[20:42:31.909] [DEBUG] [FluidAudio.CtcKeywordSpotter]     -> 188 frames, frameDuration=0.0798s
[20:42:31.909] [DEBUG] [FluidAudio.CtcKeywordSpotter]   Chunk 6/7: samples [1040000-1280000] = [65.00-80.00s]
[20:42:32.065] [DEBUG] [FluidAudio.CtcKeywordSpotter]   Audio input: count=240000/240000, abs_max=0.8357, mean=-0.000254
[20:42:32.065] [DEBUG] [FluidAudio.CtcKeywordSpotter]   mid_5=[-0.1224, -0.0546, -0.0025, 0.0124, 0.0332]
[20:42:32.068] [DEBUG] [FluidAudio.CtcKeywordSpotter] Mel features shape: [1, 1, 1501, 80], mel_length: 1501
[20:42:32.160] [DEBUG] [FluidAudio.CtcKeywordSpotter] CTC outputs available: ctc_head_raw_output=true, ctc_head_output=true
[20:42:32.160] [DEBUG] [FluidAudio.CtcKeywordSpotter] CTC raw output shape: [1, 1025, 1, 188]
[20:42:32.160] [DEBUG] [FluidAudio.CtcKeywordSpotter] Using output: ctc_head_raw_output (raw logits)
[20:42:32.529] [DEBUG] [FluidAudio.CtcKeywordSpotter] Log-probs: 188 frames (total: 188), vocab size: 1025
[20:42:32.529] [DEBUG] [FluidAudio.CtcKeywordSpotter]     -> 188 frames, frameDuration=0.0798s
[20:42:32.529] [DEBUG] [FluidAudio.CtcKeywordSpotter]   Chunk 7/7: samples [1248000-1425947] = [78.00-89.12s]
[20:42:32.657] [DEBUG] [FluidAudio.CtcKeywordSpotter]   Audio input: count=177947/240000, abs_max=0.8357, mean=-0.000052
[20:42:32.657] [DEBUG] [FluidAudio.CtcKeywordSpotter]   mid_5=[-0.0029, 0.0304, 0.0215, 0.0159, -0.0002]
[20:42:32.659] [DEBUG] [FluidAudio.CtcKeywordSpotter] Mel features shape: [1, 1, 1501, 80], mel_length: 1501
[20:42:32.738] [DEBUG] [FluidAudio.CtcKeywordSpotter] CTC outputs available: ctc_head_raw_output=true, ctc_head_output=true
[20:42:32.738] [DEBUG] [FluidAudio.CtcKeywordSpotter] CTC raw output shape: [1, 1025, 1, 188]
[20:42:32.738] [DEBUG] [FluidAudio.CtcKeywordSpotter] Using output: ctc_head_raw_output (raw logits)
[20:42:33.075] [DEBUG] [FluidAudio.CtcKeywordSpotter] [DEBUG] Trimming CTC frames:
[20:42:33.075] [DEBUG] [FluidAudio.CtcKeywordSpotter] [DEBUG]   totalFrames=188, sampleCount=177947, maxModelSamples=240000
[20:42:33.075] [DEBUG] [FluidAudio.CtcKeywordSpotter] [DEBUG]   samplesPerFrame=1276.60, validFrames=140, clampedFrames=140
[20:42:33.075] [DEBUG] [FluidAudio.CtcKeywordSpotter] Log-probs: 140 frames (total: 188), vocab size: 1025
[20:42:33.075] [DEBUG] [FluidAudio.CtcKeywordSpotter]     -> 140 frames, frameDuration=0.0794s
[20:42:33.101] [DEBUG] [FluidAudio.CtcKeywordSpotter] Concatenated: 1118 total frames
[20:42:33.101] [DEBUG] [FluidAudio.CtcKeywordSpotter] Overlap frames averaged: 25 per boundary
[20:42:33.101] [DEBUG] [FluidAudio.CtcKeywordSpotter] ==============================
[20:42:33.104] [DEBUG] [FluidAudio.VocabularyRescorer] === VocabularyRescorer (Constrained CTC - Term-Centric) ===
[20:42:33.104] [DEBUG] [FluidAudio.VocabularyRescorer] Words: 311, Frames: 1118
[20:42:33.104] [DEBUG] [FluidAudio.VocabularyRescorer] Frame duration: 0.0798s
[20:42:33.104] [DEBUG] [FluidAudio.VocabularyRescorer] CBW: 4.5, Margin: 0.5s, MinSimilarity: 0.6
[20:42:33.169] [DEBUG] [FluidAudio.VocabularyRescorer]   [MULTI] 'Finally, BirdTown Flow' vs 'Birdtown Flow' (sim=0.62, span=3)
[20:42:33.169] [DEBUG] [FluidAudio.VocabularyRescorer]     TDT span: [56.24-58.08s]
[20:42:33.169] [DEBUG] [FluidAudio.VocabularyRescorer]     CTC('Finally, BirdTown Flow'): -2.71
[20:42:33.169] [DEBUG] [FluidAudio.VocabularyRescorer]     CTC('Birdtown Flow' [boundary]): -2.84 + cbw=adaptive=6.15 (base=4.5, tokens=7) = 3.31
[20:42:33.169] [DEBUG] [FluidAudio.VocabularyRescorer]     -> REPLACE (vocab > original)
[20:42:33.190] [DEBUG] [FluidAudio.VocabularyRescorer]   [MULTI] 'BirdTown Flow will' vs 'Birdtown Flow' (sim=0.72, span=3)
[20:42:33.190] [DEBUG] [FluidAudio.VocabularyRescorer]     TDT span: [57.04-58.24s]
[20:42:33.190] [DEBUG] [FluidAudio.VocabularyRescorer]     CTC('BirdTown Flow will'): -2.49
[20:42:33.190] [DEBUG] [FluidAudio.VocabularyRescorer]     CTC('Birdtown Flow' [boundary]): -2.84 + cbw=adaptive=6.15 (base=4.5, tokens=7) = 3.31
[20:42:33.190] [DEBUG] [FluidAudio.VocabularyRescorer]     -> REPLACE (vocab > original)
[20:42:33.201] [DEBUG] [FluidAudio.VocabularyRescorer] Final: Good morning everyone. Before we get into the numbers, I want to thank the support team for a remarkable quarter. They answered more tickets than ever before, and our satisfaction scores went up at the same time. That is not an accident, it comes from the training sessions we started in the spring, and from the new routing rules. We will keep both, and next month we will add a weekly review of the hardest cases, so that everyone learns from them. I also want to welcome the four people who joined us this quarter. Some of you have met them already. If you have not, please find a moment this week to say hello, and show them how we work. The second thing I want to cover is the launch plan for the autumn release, which moves the beta to the first week of October and the public release to the middle of November and gives the design team two extra weeks to finish the onboarding flow and the new setting screens while engineering focuses on performance and the long list of small fixes that customers keep asking about in every survey we send. Finally, Birdtown Flow be part of the release, and we will dictate the release notes with it as a test. If it does well, we will use it for the documentation too. The budget for next year is due at the end of the month. Every team lead should have the template by now, please keep the estimates honest, and tell me early if something is likely to slip, because surprises in December help nobody, we have a lot to be proud of, and a lot still to do, please send me your questions before Friday, and I will answer them at the next meeting. Thank you all for listening, and have a great week.
[20:42:33.201] [DEBUG] [FluidAudio.VocabularyRescorer] Replacements: 1
[20:42:33.201] [DEBUG] [FluidAudio.VocabularyRescorer] ===========================================
[20:42:33.731] [DEBUG] [FluidAudio.CtcKeywordSpotter]   Audio input: count=202240/240000, abs_max=0.7934, mean=-0.000163
[20:42:33.731] [DEBUG] [FluidAudio.CtcKeywordSpotter]   mid_5=[-0.0000, -0.0000, 0.0000, 0.0000, 0.0000]
[20:42:33.732] [DEBUG] [FluidAudio.CtcKeywordSpotter] Mel features shape: [1, 1, 1501, 80], mel_length: 1501
[20:42:33.808] [DEBUG] [FluidAudio.CtcKeywordSpotter] CTC outputs available: ctc_head_raw_output=true, ctc_head_output=true
[20:42:33.808] [DEBUG] [FluidAudio.CtcKeywordSpotter] CTC raw output shape: [1, 1025, 1, 188]
[20:42:33.808] [DEBUG] [FluidAudio.CtcKeywordSpotter] Using output: ctc_head_raw_output (raw logits)
[20:42:34.114] [DEBUG] [FluidAudio.CtcKeywordSpotter] [DEBUG] Trimming CTC frames:
[20:42:34.114] [DEBUG] [FluidAudio.CtcKeywordSpotter] [DEBUG]   totalFrames=188, sampleCount=202240, maxModelSamples=240000
[20:42:34.114] [DEBUG] [FluidAudio.CtcKeywordSpotter] [DEBUG]   samplesPerFrame=1276.60, validFrames=159, clampedFrames=159
[20:42:34.114] [DEBUG] [FluidAudio.CtcKeywordSpotter] Log-probs: 159 frames (total: 188), vocab size: 1025
[20:42:34.114] [DEBUG] [FluidAudio.VocabularyRescorer] === VocabularyRescorer (Constrained CTC - Term-Centric) ===
[20:42:34.114] [DEBUG] [FluidAudio.VocabularyRescorer] Words: 38, Frames: 159
[20:42:34.114] [DEBUG] [FluidAudio.VocabularyRescorer] Frame duration: 0.0795s
[20:42:34.114] [DEBUG] [FluidAudio.VocabularyRescorer] CBW: 4.5, Margin: 0.5s, MinSimilarity: 0.6
[20:42:34.121] [DEBUG] [FluidAudio.VocabularyRescorer] Final: Good morning everyone. Before we get into the numbers, I want to thank the support team for a remarkable quarter. They answered more tickets than ever before, and our satisfaction scores went up at the same time, that
[20:42:34.121] [DEBUG] [FluidAudio.VocabularyRescorer] Replacements: 0
[20:42:34.121] [DEBUG] [FluidAudio.VocabularyRescorer] ===========================================
[20:42:34.506] [DEBUG] [FluidAudio.CtcKeywordSpotter]   Audio input: count=163200/240000, abs_max=0.7771, mean=-0.000224
[20:42:34.506] [DEBUG] [FluidAudio.CtcKeywordSpotter]   mid_5=[-0.2571, -0.2509, -0.2451, -0.2395, -0.2330]
[20:42:34.507] [DEBUG] [FluidAudio.CtcKeywordSpotter] Mel features shape: [1, 1, 1501, 80], mel_length: 1501
[20:42:34.589] [DEBUG] [FluidAudio.CtcKeywordSpotter] CTC outputs available: ctc_head_raw_output=true, ctc_head_output=true
[20:42:34.590] [DEBUG] [FluidAudio.CtcKeywordSpotter] CTC raw output shape: [1, 1025, 1, 188]
[20:42:34.590] [DEBUG] [FluidAudio.CtcKeywordSpotter] Using output: ctc_head_raw_output (raw logits)
[20:42:34.896] [DEBUG] [FluidAudio.CtcKeywordSpotter] [DEBUG] Trimming CTC frames:
[20:42:34.896] [DEBUG] [FluidAudio.CtcKeywordSpotter] [DEBUG]   totalFrames=188, sampleCount=163200, maxModelSamples=240000
[20:42:34.896] [DEBUG] [FluidAudio.CtcKeywordSpotter] [DEBUG]   samplesPerFrame=1276.60, validFrames=128, clampedFrames=128
[20:42:34.896] [DEBUG] [FluidAudio.CtcKeywordSpotter] Log-probs: 128 frames (total: 188), vocab size: 1025
[20:42:34.896] [DEBUG] [FluidAudio.VocabularyRescorer] === VocabularyRescorer (Constrained CTC - Term-Centric) ===
[20:42:34.896] [DEBUG] [FluidAudio.VocabularyRescorer] Words: 26, Frames: 128
[20:42:34.896] [DEBUG] [FluidAudio.VocabularyRescorer] Frame duration: 0.0797s
[20:42:34.896] [DEBUG] [FluidAudio.VocabularyRescorer] CBW: 4.5, Margin: 0.5s, MinSimilarity: 0.6
[20:42:34.901] [DEBUG] [FluidAudio.VocabularyRescorer] Final: is not an accident, it comes from the training sessions we started in the spring, and from the new routing rules, we will keep both, and
[20:42:34.901] [DEBUG] [FluidAudio.VocabularyRescorer] Replacements: 0
[20:42:34.901] [DEBUG] [FluidAudio.VocabularyRescorer] ===========================================
[20:42:35.350] [DEBUG] [FluidAudio.CtcKeywordSpotter]   Audio input: count=222080/240000, abs_max=0.7947, mean=-0.000149
[20:42:35.350] [DEBUG] [FluidAudio.CtcKeywordSpotter]   mid_5=[-0.0937, -0.0930, -0.0920, -0.0923, -0.0956]
[20:42:35.352] [DEBUG] [FluidAudio.CtcKeywordSpotter] Mel features shape: [1, 1, 1501, 80], mel_length: 1501
[20:42:35.429] [DEBUG] [FluidAudio.CtcKeywordSpotter] CTC outputs available: ctc_head_raw_output=true, ctc_head_output=true
[20:42:35.429] [DEBUG] [FluidAudio.CtcKeywordSpotter] CTC raw output shape: [1, 1025, 1, 188]
[20:42:35.429] [DEBUG] [FluidAudio.CtcKeywordSpotter] Using output: ctc_head_raw_output (raw logits)
[20:42:35.789] [DEBUG] [FluidAudio.CtcKeywordSpotter] [DEBUG] Trimming CTC frames:
[20:42:35.789] [DEBUG] [FluidAudio.CtcKeywordSpotter] [DEBUG]   totalFrames=188, sampleCount=222080, maxModelSamples=240000
[20:42:35.789] [DEBUG] [FluidAudio.CtcKeywordSpotter] [DEBUG]   samplesPerFrame=1276.60, validFrames=174, clampedFrames=174
[20:42:35.789] [DEBUG] [FluidAudio.CtcKeywordSpotter] Log-probs: 174 frames (total: 188), vocab size: 1025
[20:42:35.789] [DEBUG] [FluidAudio.VocabularyRescorer] === VocabularyRescorer (Constrained CTC - Term-Centric) ===
[20:42:35.789] [DEBUG] [FluidAudio.VocabularyRescorer] Words: 39, Frames: 174
[20:42:35.789] [DEBUG] [FluidAudio.VocabularyRescorer] Frame duration: 0.0798s
[20:42:35.789] [DEBUG] [FluidAudio.VocabularyRescorer] CBW: 4.5, Margin: 0.5s, MinSimilarity: 0.6
[20:42:35.796] [DEBUG] [FluidAudio.VocabularyRescorer] Replacements: 0
[20:42:35.797] [DEBUG] [FluidAudio.VocabularyRescorer] Final: next month we will add a weekly review of the hardest cases, so that everyone learns from them. I also want to welcome the four people who joined us this quarter, some of you have met them already, if
[20:42:35.797] [DEBUG] [FluidAudio.VocabularyRescorer] ===========================================
[20:42:36.283] [DEBUG] [FluidAudio.CtcKeywordSpotter]   Audio input: count=201280/240000, abs_max=0.7880, mean=-0.000176
[20:42:36.283] [DEBUG] [FluidAudio.CtcKeywordSpotter]   mid_5=[-0.1168, -0.1447, -0.1545, -0.1602, -0.1761]
[20:42:36.285] [DEBUG] [FluidAudio.CtcKeywordSpotter] Mel features shape: [1, 1, 1501, 80], mel_length: 1501
[20:42:36.362] [DEBUG] [FluidAudio.CtcKeywordSpotter] CTC outputs available: ctc_head_raw_output=true, ctc_head_output=true
[20:42:36.362] [DEBUG] [FluidAudio.CtcKeywordSpotter] CTC raw output shape: [1, 1025, 1, 188]
[20:42:36.362] [DEBUG] [FluidAudio.CtcKeywordSpotter] Using output: ctc_head_raw_output (raw logits)
[20:42:36.690] [DEBUG] [FluidAudio.CtcKeywordSpotter] [DEBUG] Trimming CTC frames:
[20:42:36.690] [DEBUG] [FluidAudio.CtcKeywordSpotter] [DEBUG]   totalFrames=188, sampleCount=201280, maxModelSamples=240000
[20:42:36.690] [DEBUG] [FluidAudio.CtcKeywordSpotter] [DEBUG]   samplesPerFrame=1276.60, validFrames=158, clampedFrames=158
[20:42:36.690] [DEBUG] [FluidAudio.CtcKeywordSpotter] Log-probs: 158 frames (total: 188), vocab size: 1025
[20:42:36.690] [DEBUG] [FluidAudio.VocabularyRescorer] === VocabularyRescorer (Constrained CTC - Term-Centric) ===
[20:42:36.690] [DEBUG] [FluidAudio.VocabularyRescorer] Words: 37, Frames: 158
[20:42:36.690] [DEBUG] [FluidAudio.VocabularyRescorer] Frame duration: 0.0796s
[20:42:36.690] [DEBUG] [FluidAudio.VocabularyRescorer] CBW: 4.5, Margin: 0.5s, MinSimilarity: 0.6
[20:42:36.696] [DEBUG] [FluidAudio.VocabularyRescorer] Final: you have not, please find a moment this week to say hello, and show them how we work. The second thing I want to cover is the launch plan for the autumn release which moves the beta
[20:42:36.696] [DEBUG] [FluidAudio.VocabularyRescorer] Replacements: 0
[20:42:36.696] [DEBUG] [FluidAudio.VocabularyRescorer] ===========================================
[20:42:37.103] [DEBUG] [FluidAudio.CtcKeywordSpotter]   Audio input: count=145920/240000, abs_max=0.7709, mean=-0.000265
[20:42:37.104] [DEBUG] [FluidAudio.CtcKeywordSpotter]   mid_5=[0.0714, 0.0667, 0.0623, 0.0594, 0.0573]
[20:42:37.105] [DEBUG] [FluidAudio.CtcKeywordSpotter] Mel features shape: [1, 1, 1501, 80], mel_length: 1501
[20:42:37.184] [DEBUG] [FluidAudio.CtcKeywordSpotter] CTC outputs available: ctc_head_raw_output=true, ctc_head_output=true
[20:42:37.184] [DEBUG] [FluidAudio.CtcKeywordSpotter] CTC raw output shape: [1, 1025, 1, 188]
[20:42:37.184] [DEBUG] [FluidAudio.CtcKeywordSpotter] Using output: ctc_head_raw_output (raw logits)
[20:42:37.499] [DEBUG] [FluidAudio.CtcKeywordSpotter] [DEBUG] Trimming CTC frames:
[20:42:37.500] [DEBUG] [FluidAudio.CtcKeywordSpotter] [DEBUG]   totalFrames=188, sampleCount=145920, maxModelSamples=240000
[20:42:37.500] [DEBUG] [FluidAudio.CtcKeywordSpotter] [DEBUG]   samplesPerFrame=1276.60, validFrames=115, clampedFrames=115
[20:42:37.500] [DEBUG] [FluidAudio.CtcKeywordSpotter] Log-probs: 115 frames (total: 188), vocab size: 1025
[20:42:37.500] [DEBUG] [FluidAudio.VocabularyRescorer] === VocabularyRescorer (Constrained CTC - Term-Centric) ===
[20:42:37.500] [DEBUG] [FluidAudio.VocabularyRescorer] Words: 22, Frames: 115
[20:42:37.500] [DEBUG] [FluidAudio.VocabularyRescorer] Frame duration: 0.0793s
[20:42:37.500] [DEBUG] [FluidAudio.VocabularyRescorer] CBW: 4.5, Margin: 0.5s, MinSimilarity: 0.6
[20:42:37.503] [DEBUG] [FluidAudio.VocabularyRescorer] Replacements: 0
[20:42:37.503] [DEBUG] [FluidAudio.VocabularyRescorer] Final: to the first week of October and the public release to the middle of November and gives the design team two extra
[20:42:37.503] [DEBUG] [FluidAudio.VocabularyRescorer] ===========================================
[20:42:37.965] [DEBUG] [FluidAudio.CtcKeywordSpotter]   Audio input: count=216320/240000, abs_max=0.7751, mean=-0.000219
[20:42:37.965] [DEBUG] [FluidAudio.CtcKeywordSpotter]   mid_5=[0.2223, 0.2029, 0.1852, 0.1643, 0.1352]
[20:42:37.967] [DEBUG] [FluidAudio.CtcKeywordSpotter] Mel features shape: [1, 1, 1501, 80], mel_length: 1501
[20:42:38.033] [DEBUG] [FluidAudio.CtcKeywordSpotter] CTC outputs available: ctc_head_raw_output=true, ctc_head_output=true
[20:42:38.033] [DEBUG] [FluidAudio.CtcKeywordSpotter] CTC raw output shape: [1, 1025, 1, 188]
[20:42:38.033] [DEBUG] [FluidAudio.CtcKeywordSpotter] Using output: ctc_head_raw_output (raw logits)
[20:42:38.325] [DEBUG] [FluidAudio.CtcKeywordSpotter] [DEBUG] Trimming CTC frames:
[20:42:38.325] [DEBUG] [FluidAudio.CtcKeywordSpotter] [DEBUG]   totalFrames=188, sampleCount=216320, maxModelSamples=240000
[20:42:38.325] [DEBUG] [FluidAudio.CtcKeywordSpotter] [DEBUG]   samplesPerFrame=1276.60, validFrames=170, clampedFrames=170
[20:42:38.325] [DEBUG] [FluidAudio.CtcKeywordSpotter] Log-probs: 170 frames (total: 188), vocab size: 1025
[20:42:38.325] [DEBUG] [FluidAudio.VocabularyRescorer] === VocabularyRescorer (Constrained CTC - Term-Centric) ===
[20:42:38.325] [DEBUG] [FluidAudio.VocabularyRescorer] Words: 33, Frames: 170
[20:42:38.325] [DEBUG] [FluidAudio.VocabularyRescorer] Frame duration: 0.0795s
[20:42:38.325] [DEBUG] [FluidAudio.VocabularyRescorer] CBW: 4.5, Margin: 0.5s, MinSimilarity: 0.6
[20:42:38.331] [DEBUG] [FluidAudio.VocabularyRescorer] Final: weeks to finish the onboarding flow and the new setting screens while engineering focuses on performance and the long list of small fixes that customers keep asking about in every survey we send.
[20:42:38.331] [DEBUG] [FluidAudio.VocabularyRescorer] Replacements: 0
[20:42:38.331] [DEBUG] [FluidAudio.VocabularyRescorer] ===========================================
[20:42:38.759] [DEBUG] [FluidAudio.CtcKeywordSpotter]   Audio input: count=202880/240000, abs_max=0.7751, mean=-0.000161
[20:42:38.759] [DEBUG] [FluidAudio.CtcKeywordSpotter]   mid_5=[-0.2097, -0.2017, -0.1641, -0.1048, -0.0175]
[20:42:38.760] [DEBUG] [FluidAudio.CtcKeywordSpotter] Mel features shape: [1, 1, 1501, 80], mel_length: 1501
[20:42:38.830] [DEBUG] [FluidAudio.CtcKeywordSpotter] CTC outputs available: ctc_head_raw_output=true, ctc_head_output=true
[20:42:38.830] [DEBUG] [FluidAudio.CtcKeywordSpotter] CTC raw output shape: [1, 1025, 1, 188]
[20:42:38.830] [DEBUG] [FluidAudio.CtcKeywordSpotter] Using output: ctc_head_raw_output (raw logits)
[20:42:39.135] [DEBUG] [FluidAudio.CtcKeywordSpotter] [DEBUG] Trimming CTC frames:
[20:42:39.136] [DEBUG] [FluidAudio.CtcKeywordSpotter] [DEBUG]   totalFrames=188, sampleCount=202880, maxModelSamples=240000
[20:42:39.136] [DEBUG] [FluidAudio.CtcKeywordSpotter] [DEBUG]   samplesPerFrame=1276.60, validFrames=159, clampedFrames=159
[20:42:39.136] [DEBUG] [FluidAudio.CtcKeywordSpotter] Log-probs: 159 frames (total: 188), vocab size: 1025
[20:42:39.136] [DEBUG] [FluidAudio.VocabularyRescorer] === VocabularyRescorer (Constrained CTC - Term-Centric) ===
[20:42:39.136] [DEBUG] [FluidAudio.VocabularyRescorer] Words: 35, Frames: 159
[20:42:39.136] [DEBUG] [FluidAudio.VocabularyRescorer] Frame duration: 0.0797s
[20:42:39.136] [DEBUG] [FluidAudio.VocabularyRescorer] CBW: 4.5, Margin: 0.5s, MinSimilarity: 0.6
[20:42:39.161] [DEBUG] [FluidAudio.VocabularyRescorer]   [MULTI] 'Finally, Birdtown flow' vs 'Birdtown Flow' (sim=0.62, span=3)
[20:42:39.161] [DEBUG] [FluidAudio.VocabularyRescorer]     TDT span: [2.08-3.84s]
[20:42:39.161] [DEBUG] [FluidAudio.VocabularyRescorer]     CTC('Finally, Birdtown flow'): -2.22
[20:42:39.161] [DEBUG] [FluidAudio.VocabularyRescorer]     CTC('Birdtown Flow' [boundary]): -2.14 + cbw=adaptive=6.15 (base=4.5, tokens=7) = 4.01
[20:42:39.161] [DEBUG] [FluidAudio.VocabularyRescorer]     -> REPLACE (vocab > original)
[20:42:39.180] [DEBUG] [FluidAudio.VocabularyRescorer]   [MULTI] 'Birdtown flow will' vs 'Birdtown Flow' (sim=0.72, span=3)
[20:42:39.180] [DEBUG] [FluidAudio.VocabularyRescorer]     TDT span: [2.80-4.08s]
[20:42:39.180] [DEBUG] [FluidAudio.VocabularyRescorer]     CTC('Birdtown flow will'): -1.91
[20:42:39.180] [DEBUG] [FluidAudio.VocabularyRescorer]     CTC('Birdtown Flow' [boundary]): -2.14 + cbw=adaptive=6.15 (base=4.5, tokens=7) = 4.01
[20:42:39.180] [DEBUG] [FluidAudio.VocabularyRescorer]     -> REPLACE (vocab > original)
[20:42:39.183] [DEBUG] [FluidAudio.VocabularyRescorer] Final: Finally, Birdtown Flow be part of the release, and we will dictate the release notes with it as a test, if it does well, we will use it for the documentation too, the budget
[20:42:39.183] [DEBUG] [FluidAudio.VocabularyRescorer] Replacements: 1
[20:42:39.183] [DEBUG] [FluidAudio.VocabularyRescorer] ===========================================
[20:42:39.652] [DEBUG] [FluidAudio.CtcKeywordSpotter]   Audio input: count=163840/240000, abs_max=0.7905, mean=-0.000244
[20:42:39.652] [DEBUG] [FluidAudio.CtcKeywordSpotter]   mid_5=[-0.1024, -0.1229, -0.1500, -0.1572, -0.0950]
[20:42:39.654] [DEBUG] [FluidAudio.CtcKeywordSpotter] Mel features shape: [1, 1, 1501, 80], mel_length: 1501
[20:42:39.737] [DEBUG] [FluidAudio.CtcKeywordSpotter] CTC outputs available: ctc_head_raw_output=true, ctc_head_output=true
[20:42:39.738] [DEBUG] [FluidAudio.CtcKeywordSpotter] CTC raw output shape: [1, 1025, 1, 188]
[20:42:39.738] [DEBUG] [FluidAudio.CtcKeywordSpotter] Using output: ctc_head_raw_output (raw logits)
[20:42:40.063] [DEBUG] [FluidAudio.CtcKeywordSpotter] [DEBUG] Trimming CTC frames:
[20:42:40.063] [DEBUG] [FluidAudio.CtcKeywordSpotter] [DEBUG]   totalFrames=188, sampleCount=163840, maxModelSamples=240000
[20:42:40.063] [DEBUG] [FluidAudio.CtcKeywordSpotter] [DEBUG]   samplesPerFrame=1276.60, validFrames=129, clampedFrames=129
[20:42:40.063] [DEBUG] [FluidAudio.CtcKeywordSpotter] Log-probs: 129 frames (total: 188), vocab size: 1025
[20:42:40.064] [DEBUG] [FluidAudio.VocabularyRescorer] === VocabularyRescorer (Constrained CTC - Term-Centric) ===
[20:42:40.064] [DEBUG] [FluidAudio.VocabularyRescorer] Words: 27, Frames: 129
[20:42:40.064] [DEBUG] [FluidAudio.VocabularyRescorer] Frame duration: 0.0794s
[20:42:40.064] [DEBUG] [FluidAudio.VocabularyRescorer] CBW: 4.5, Margin: 0.5s, MinSimilarity: 0.6
[20:42:40.068] [DEBUG] [FluidAudio.VocabularyRescorer] Final: for next year is due at the end of the month. Every team lead should have the template by now. Please keep the estimates honest, and tell
[20:42:40.068] [DEBUG] [FluidAudio.VocabularyRescorer] Replacements: 0
[20:42:40.068] [DEBUG] [FluidAudio.VocabularyRescorer] ===========================================
[20:42:40.526] [DEBUG] [FluidAudio.CtcKeywordSpotter]   mid_5=[-0.1674, -0.1588, -0.1557, -0.1602, -0.1515]
[20:42:40.526] [DEBUG] [FluidAudio.CtcKeywordSpotter]   Audio input: count=180800/240000, abs_max=0.8357, mean=-0.000131
[20:42:40.528] [DEBUG] [FluidAudio.CtcKeywordSpotter] Mel features shape: [1, 1, 1501, 80], mel_length: 1501
[20:42:40.604] [DEBUG] [FluidAudio.CtcKeywordSpotter] CTC outputs available: ctc_head_raw_output=true, ctc_head_output=true
[20:42:40.604] [DEBUG] [FluidAudio.CtcKeywordSpotter] CTC raw output shape: [1, 1025, 1, 188]
[20:42:40.604] [DEBUG] [FluidAudio.CtcKeywordSpotter] Using output: ctc_head_raw_output (raw logits)
[20:42:40.932] [DEBUG] [FluidAudio.CtcKeywordSpotter] [DEBUG] Trimming CTC frames:
[20:42:40.932] [DEBUG] [FluidAudio.CtcKeywordSpotter] [DEBUG]   totalFrames=188, sampleCount=180800, maxModelSamples=240000
[20:42:40.932] [DEBUG] [FluidAudio.CtcKeywordSpotter] [DEBUG]   samplesPerFrame=1276.60, validFrames=142, clampedFrames=142
[20:42:40.932] [DEBUG] [FluidAudio.CtcKeywordSpotter] Log-probs: 142 frames (total: 188), vocab size: 1025
[20:42:40.933] [DEBUG] [FluidAudio.VocabularyRescorer] === VocabularyRescorer (Constrained CTC - Term-Centric) ===
[20:42:40.933] [DEBUG] [FluidAudio.VocabularyRescorer] Words: 29, Frames: 142
[20:42:40.933] [DEBUG] [FluidAudio.VocabularyRescorer] Frame duration: 0.0796s
[20:42:40.933] [DEBUG] [FluidAudio.VocabularyRescorer] CBW: 4.5, Margin: 0.5s, MinSimilarity: 0.6
[20:42:40.937] [DEBUG] [FluidAudio.VocabularyRescorer] Replacements: 0
[20:42:40.937] [DEBUG] [FluidAudio.VocabularyRescorer] Final: me early if something is likely to slip, because surprises in December help nobody, we have a lot to be proud of, and a lot still to do. Please
[20:42:40.937] [DEBUG] [FluidAudio.VocabularyRescorer] ===========================================
[20:42:41.344] [DEBUG] [FluidAudio.CtcKeywordSpotter]   Audio input: count=153627/240000, abs_max=0.8357, mean=-0.000082
[20:42:41.344] [DEBUG] [FluidAudio.CtcKeywordSpotter]   mid_5=[-0.1023, -0.1138, -0.1164, -0.1114, -0.1218]
[20:42:41.346] [DEBUG] [FluidAudio.CtcKeywordSpotter] Mel features shape: [1, 1, 1501, 80], mel_length: 1501
[20:42:41.417] [DEBUG] [FluidAudio.CtcKeywordSpotter] CTC outputs available: ctc_head_raw_output=true, ctc_head_output=true
[20:42:41.417] [DEBUG] [FluidAudio.CtcKeywordSpotter] CTC raw output shape: [1, 1025, 1, 188]
[20:42:41.417] [DEBUG] [FluidAudio.CtcKeywordSpotter] Using output: ctc_head_raw_output (raw logits)
[20:42:41.725] [DEBUG] [FluidAudio.CtcKeywordSpotter] [DEBUG] Trimming CTC frames:
[20:42:41.725] [DEBUG] [FluidAudio.CtcKeywordSpotter] [DEBUG]   totalFrames=188, sampleCount=153627, maxModelSamples=240000
[20:42:41.725] [DEBUG] [FluidAudio.CtcKeywordSpotter] [DEBUG]   samplesPerFrame=1276.60, validFrames=121, clampedFrames=121
[20:42:41.725] [DEBUG] [FluidAudio.CtcKeywordSpotter] Log-probs: 121 frames (total: 188), vocab size: 1025
[20:42:41.725] [DEBUG] [FluidAudio.VocabularyRescorer] === VocabularyRescorer (Constrained CTC - Term-Centric) ===
[20:42:41.725] [DEBUG] [FluidAudio.VocabularyRescorer] Words: 25, Frames: 121
[20:42:41.725] [DEBUG] [FluidAudio.VocabularyRescorer] Frame duration: 0.0794s
[20:42:41.725] [DEBUG] [FluidAudio.VocabularyRescorer] CBW: 4.5, Margin: 0.5s, MinSimilarity: 0.6
[20:42:41.729] [DEBUG] [FluidAudio.VocabularyRescorer] Final: send me your questions before Friday, and I will answer them at the next meeting. Thank you all for listening, and have a great week.
[20:42:41.729] [DEBUG] [FluidAudio.VocabularyRescorer] Replacements: 0
[20:42:41.729] [DEBUG] [FluidAudio.VocabularyRescorer] ===========================================
[smoke] preparing Parakeet v3
[smoke] model state ready after 9.845242291 seconds
[smoke] 1425947 samples, 89.12 s
[segmented] boosting Birdtown Flow: ready
[segmented] whole · 6.892075792 seconds: Good morning everyone. Before we get into the numbers, I want to thank the support team for a remarkable quarter. They answered more tickets than ever before, and our satisfaction scores went up at the same time. That is not an accident, it comes from the training sessions we started in the spring, and from the new routing rules. We will keep both, and next month we will add a weekly review of the hardest cases, so that everyone learns from them. I also want to welcome the four people who joined us this quarter. Some of you have met them already. If you have not, please find a moment this week to say hello, and show them how we work. The second thing I want to cover is the launch plan for the autumn release, which moves the beta to the first week of October and the public release to the middle of November and gives the design team two extra weeks to finish the onboarding flow and the new setting screens while engineering focuses on performance and the long list of small fixes that customers keep asking about in every survey we send. Finally, Birdtown Flow will be part of the release, and we will dictate the release notes with it as a test. If it does well, we will use it for the documentation too. The budget for next year is due at the end of the month. Every team lead should have the template by now, please keep the estimates honest, and tell me early if something is likely to slip, because surprises in December help nobody, we have a lot to be proud of, and a lot still to do, please send me your questions before Friday, and I will answer them at the next meeting. Thank you all for listening, and have a great week.
[segmented] windows · 8.525281375 seconds: Good morning everyone. Before we get into the numbers, I want to thank the support team for a remarkable quarter. They answered more tickets than ever before, and our satisfaction scores went up at the same time, that is not an accident, it comes from the training sessions we started in the spring, and from the new routing rules, we will keep both, and next month we will add a weekly review of the hardest cases, so that everyone learns from them. I also want to welcome the four people who joined us this quarter, some of you have met them already, if you have not, please find a moment this week to say hello, and show them how we work. The second thing I want to cover is the launch plan for the autumn release which moves the beta to the first week of October and the public release to the middle of November and gives the design team two extra weeks to finish the onboarding flow and the new setting screens while engineering focuses on performance and the long list of small fixes that customers keep asking about in every survey we send. Finally, Birdtown Flow will be part of the release, and we will dictate the release notes with it as a test, if it does well, we will use it for the documentation too, the budget for next year is due at the end of the month. Every team lead should have the template by now. Please keep the estimates honest, and tell me early if something is likely to slip, because surprises in December help nobody, we have a lot to be proud of, and a lot still to do. Please send me your questions before Friday, and I will answer them at the next meeting. Thank you all for listening, and have a great week.
[segmented] transcribe windows=10 forced=1 cut=7732ms tail=792ms tailBoost=467ms
[segmented] part 1: Good morning everyone. Before we get into the numbers, I want to thank the support team for a remarkable quarter. They answered more tickets than ever before, and our satisfaction scores went up at the same time, that
[segmented] part 2: is not an accident, it comes from the training sessions we started in the spring, and from the new routing rules, we will keep both, and
[segmented] part 3: next month we will add a weekly review of the hardest cases, so that everyone learns from them. I also want to welcome the four people who joined us this quarter, some of you have met them already, if
[segmented] part 4: you have not, please find a moment this week to say hello, and show them how we work. The second thing I want to cover is the launch plan for the autumn release which moves the beta
[segmented] part 5: to the first week of October and the public release to the middle of November and gives the design team two extra
[segmented] part 6: weeks to finish the onboarding flow and the new setting screens while engineering focuses on performance and the long list of small fixes that customers keep asking about in every survey we send.
[segmented] part 7: Finally, Birdtown Flow will be part of the release, and we will dictate the release notes with it as a test, if it does well, we will use it for the documentation too, the budget
[segmented] part 8: for next year is due at the end of the month. Every team lead should have the template by now. Please keep the estimates honest, and tell
[segmented] part 9: me early if something is likely to slip, because surprises in December help nobody, we have a lot to be proud of, and a lot still to do. Please
[segmented] part 10: send me your questions before Friday, and I will answer them at the next meeting. Thank you all for listening, and have a great week.
[segmented] boosted whole:   "BirdTown Flow" → "Birdtown Flow" ×1
[segmented] boosted windows: "Birdtown flow" → "Birdtown Flow" ×1
[segmented] ok: words changed ≤ 1.0% (0.00%, -0 +0 of 311)
[segmented] ok: no word doubled at a seam (none)
[segmented] ok: windows ≤ 1.75× the whole pass (1.24×)
[segmented] ok: slowest window ≤ 2× the whole pass's pace (902 ms of 2320 ms, 10 windows)
[segmented] ok: a cut without a pause (1 forced)
[segmented] ok: boosting ready (CTC model and terms loaded)
[segmented] ok: "Birdtown Flow" in both (whole true, windows true)
