[snapshots] rendering 18 screens into /Users/runner/work/murmur-youtube/murmur-youtube/snapshots
[snapshots] wrote main-placeholder-light.png
[snapshots] wrote main-placeholder-dark.png
[snapshots] wrote hud-idle-light.png
[snapshots] wrote hud-idle-dark.png
[snapshots] wrote hud-idle-hover-light.png
[snapshots] wrote hud-idle-hover-dark.png
[snapshots] wrote hud-listening-silence-light.png
[snapshots] wrote hud-listening-silence-dark.png
[snapshots] wrote hud-listening-speech-light.png
[snapshots] wrote hud-listening-speech-dark.png
[snapshots] wrote hud-listening-loud-light.png
[snapshots] wrote hud-listening-loud-dark.png
[snapshots] wrote hud-handsfree-light.png
[snapshots] wrote hud-handsfree-dark.png
[snapshots] wrote hud-handsfree-hover-stop-light.png
[snapshots] wrote hud-handsfree-hover-stop-dark.png
[snapshots] wrote hud-transcribing-light.png
[snapshots] wrote hud-transcribing-dark.png
[snapshots] wrote hud-polishing-light.png
[snapshots] wrote hud-polishing-dark.png
[snapshots] wrote hud-transcribing-reduce-motion-light.png
[snapshots] wrote hud-transcribing-reduce-motion-dark.png
[snapshots] wrote hud-done-light.png
[snapshots] wrote hud-done-dark.png
[snapshots] wrote hud-cancelled-light.png
[snapshots] wrote hud-cancelled-dark.png
[snapshots] wrote hud-failed-light.png
[snapshots] wrote hud-failed-dark.png
[snapshots] wrote hud-sheet-light.png
[snapshots] wrote hud-sheet-dark.png
[snapshots] wrote brand-icon-512-light.png
[snapshots] wrote brand-icon-512-dark.png
[snapshots] wrote brand-icon-32-light.png
[snapshots] wrote brand-icon-32-dark.png
[snapshots] wrote brand-sheet-light.png
[snapshots] wrote brand-sheet-dark.png
[snapshots] done
